******************************************************************************
                  TI ARM Linker PC v16.9.0                     
******************************************************************************
>> Linked Mon Mar 20 16:29:48 2017

OUTPUT FILE NAME:   <MotorAndEncoder.out>
ENTRY POINT SYMBOL: "_c_int00"  address: 00000a2d


MEMORY CONFIGURATION

         name            origin    length      used     unused   attr    fill
----------------------  --------  ---------  --------  --------  ----  --------
  FLASH                 00000000   00040000  000010cc  0003ef34  R  X
  SRAM                  20000000   00008000  0000048c  00007b74  RW X


SEGMENT ALLOCATION MAP

run origin  load origin   length   init length attrs members
----------  ----------- ---------- ----------- ----- -------
00000000    00000000    000010d0   000010d0    r-x
  00000000    00000000    0000026c   0000026c    r-- .intvecs
  0000026c    0000026c    00000b2c   00000b2c    r-x .text
  00000d98    00000d98    000002ec   000002ec    r-- .const
  00001088    00001088    00000048   00000048    r-- .cinit
20000000    20000000    0000048c   00000000    rw-
  20000000    20000000    0000026c   00000000    rw- .vtable
  2000026c    2000026c    00000200   00000000    rw- .stack
  2000046c    2000046c    00000018   00000000    rw- .data
  20000484    20000484    00000008   00000000    rw- .bss


SECTION ALLOCATION MAP

 output                                  attributes/
section   page    origin      length       input sections
--------  ----  ----------  ----------   ----------------
.intvecs   0    00000000    0000026c     
                  00000000    0000026c     tm4c123gh6pm_startup_ccs.obj (.intvecs)

.text      0    0000026c    00000b2c     
                  0000026c    0000016c     portInt.obj (.text)
                  000003d8    00000132     driverlib.lib : gpio.obj (.text:GPIOPadConfigSet)
                  0000050a    00000002     rtsv7M4_T_le_v4SPD16_eabi.lib : mpu_init.obj (.text)
                  0000050c    00000110     driverlib.lib : sysctl.obj (.text:SysCtlClockGet)
                  0000061c    000000f4                   : sysctl.obj (.text:SysCtlClockSet)
                  00000710    0000009c     rtsv7M4_T_le_v4SPD16_eabi.lib : memcpy_t2.obj (.text)
                  000007ac    0000007a                                   : memset_t2.obj (.text)
                  00000826    00000002                                   : startup.obj (.text)
                  00000828    00000070                                   : autoinit.obj (.text)
                  00000898    0000006c     main.obj (.text)
                  00000904    00000068     driverlib.lib : interrupt.obj (.text:IntEnable)
                  0000096c    00000068     rtsv7M4_T_le_v4SPD16_eabi.lib : copy_decompress_lzss.obj (.text:decompress:lzss)
                  000009d4    00000056     driverlib.lib : gpio.obj (.text:GPIOIntTypeSet)
                  00000a2a    00000002     --HOLE-- [fill = 0]
                  00000a2c    00000054     rtsv7M4_T_le_v4SPD16_eabi.lib : boot.obj (.text)
                  00000a80    00000054                                   : exit.obj (.text)
                  00000ad4    0000004c                                   : cpy_tbl.obj (.text)
                  00000b20    00000048     driverlib.lib : gpio.obj (.text:GPIOPinConfigure)
                  00000b68    00000040                   : gpio.obj (.text:_GPIOIntNumberGet)
                  00000ba8    00000034                   : interrupt.obj (.text:IntRegister)
                  00000bdc    00000034                   : sysctl.obj (.text:SysCtlPeripheralEnable)
                  00000c10    0000002a                   : gpio.obj (.text:GPIODirModeSet)
                  00000c3a    00000022                   : pwm.obj (.text:PWMGenConfigure)
                  00000c5c    0000001e                   : pwm.obj (.text:PWMPulseWidthSet)
                  00000c7a    00000018                   : gpio.obj (.text:GPIOIntRegister)
                  00000c92    00000018                   : gpio.obj (.text:GPIOPinTypeGPIOOutput)
                  00000caa    00000002     --HOLE-- [fill = 0]
                  00000cac    00000018     rtsv7M4_T_le_v4SPD16_eabi.lib : args_main.obj (.text)
                  00000cc4    00000014     driverlib.lib : sysctl.obj (.text:SysCtlPWMClockSet)
                  00000cd8    00000014     rtsv7M4_T_le_v4SPD16_eabi.lib : _lock.obj (.text)
                  00000cec    00000012     driverlib.lib : gpio.obj (.text:GPIOPinTypeGPIOInput)
                  00000cfe    00000012                   : gpio.obj (.text:GPIOPinTypePWM)
                  00000d10    00000012                   : pwm.obj (.text:PWMOutputState)
                  00000d22    00000010                   : pwm.obj (.text:PWMGenPeriodSet)
                  00000d32    0000000e     rtsv7M4_T_le_v4SPD16_eabi.lib : copy_decompress_none.obj (.text:decompress:none)
                  00000d40    0000000c     driverlib.lib : gpio.obj (.text:GPIOIntEnable)
                  00000d4c    0000000c                   : pwm.obj (.text:PWMGenDisable)
                  00000d58    0000000c                   : pwm.obj (.text:PWMGenEnable)
                  00000d64    0000000c     rtsv7M4_T_le_v4SPD16_eabi.lib : copy_zero_init.obj (.text:decompress:ZI)
                  00000d70    0000000c     tm4c123gh6pm_startup_ccs.obj (.text)
                  00000d7c    00000006     driverlib.lib : gpio.obj (.text:GPIOIntClear)
                  00000d82    00000006                   : gpio.obj (.text:GPIOPinRead)
                  00000d88    00000006                   : gpio.obj (.text:GPIOPinWrite)
                  00000d8e    00000006                   : sysctl.obj (.text:SysCtlDelay)
                  00000d94    00000004     rtsv7M4_T_le_v4SPD16_eabi.lib : pre_init.obj (.text)

.const     0    00000d98    000002ec     
                  00000d98    000000c0     driverlib.lib : gpio.obj (.const:g_ppui32GPIOIntMapBlizzard)
                  00000e58    000000c0                   : gpio.obj (.const:g_ppui32GPIOIntMapSnowflake)
                  00000f18    00000090                   : gpio.obj (.const:g_pui32GPIOBaseAddrs)
                  00000fa8    00000070                   : interrupt.obj (.const)
                  00001018    0000006c                   : sysctl.obj (.const:g_pui32Xtals)

.cinit     0    00001088    00000048     
                  00001088    00000011     (.cinit..data.load) [load image, compression = lzss]
                  00001099    00000003     --HOLE-- [fill = 0]
                  0000109c    0000000c     (__TI_handler_table)
                  000010a8    00000008     (.cinit..bss.load) [load image, compression = zero_init]
                  000010b0    00000008     (.cinit..vtable.load) [load image, compression = zero_init]
                  000010b8    00000018     (__TI_cinit_table)

.init_array 
*          0    00000000    00000000     UNINITIALIZED

.vtable    0    20000000    0000026c     UNINITIALIZED
                  20000000    0000026c     driverlib.lib : interrupt.obj (.vtable)

.stack     0    2000026c    00000200     UNINITIALIZED
                  2000026c    00000200     --HOLE--

.data      0    2000046c    00000018     UNINITIALIZED
                  2000046c    0000000c     rtsv7M4_T_le_v4SPD16_eabi.lib : exit.obj (.data:$O1$$)
                  20000478    00000008                                   : _lock.obj (.data:$O1$$)
                  20000480    00000004                                   : stkdepth_vars.obj (.data)

.bss       0    20000484    00000008     UNINITIALIZED
                  20000484    00000004     (.common:encoderLeft)
                  20000488    00000004     (.common:encoderRight)

MODULE SUMMARY

       Module                         code   ro data   rw data
       ------                         ----   -------   -------
    .\
       tm4c123gh6pm_startup_ccs.obj   12     620       0      
       portInt.obj                    364    0         0      
       main.obj                       108    0         8      
    +--+------------------------------+------+---------+---------+
       Total:                         484    620       8      
                                                              
    ../driverlib.lib
       gpio.obj                       684    528       0      
       interrupt.obj                  156    112       620    
       sysctl.obj                     594    108       0      
       pwm.obj                        122    0         0      
    +--+------------------------------+------+---------+---------+
       Total:                         1556   748       620    
                                                              
    C:\ti\ccsv7\tools\compiler\ti-cgt-arm_16.9.0.LTS\lib\rtsv7M4_T_le_v4SPD16_eabi.lib
       memcpy_t2.obj                  156    0         0      
       memset_t2.obj                  122    0         0      
       autoinit.obj                   112    0         0      
       copy_decompress_lzss.obj       104    0         0      
       exit.obj                       84     0         12     
       boot.obj                       84     0         0      
       cpy_tbl.obj                    76     0         0      
       _lock.obj                      20     0         8      
       args_main.obj                  24     0         0      
       copy_decompress_none.obj       14     0         0      
       copy_zero_init.obj             12     0         0      
       pre_init.obj                   4      0         0      
       stkdepth_vars.obj              0      0         4      
       mpu_init.obj                   2      0         0      
       startup.obj                    2      0         0      
    +--+------------------------------+------+---------+---------+
       Total:                         816    0         24     
                                                              
       Stack:                         0      0         512    
       Linker Generated:              0      69        0      
    +--+------------------------------+------+---------+---------+
       Grand Total:                   2856   1437      1164   


LINKER GENERATED COPY TABLES

__TI_cinit_table @ 000010b8 records: 3, size/record: 8, table size: 24
	.data: load addr=00001088, load size=00000011 bytes, run addr=2000046c, run size=00000018 bytes, compression=lzss
	.bss: load addr=000010a8, load size=00000008 bytes, run addr=20000484, run size=00000008 bytes, compression=zero_init
	.vtable: load addr=000010b0, load size=00000008 bytes, run addr=20000000, run size=0000026c bytes, compression=zero_init


LINKER GENERATED HANDLER TABLE

__TI_handler_table @ 0000109c records: 3, size/record: 4, table size: 12
	index: 0, handler: __TI_zero_init
	index: 1, handler: __TI_decompress_lzss
	index: 2, handler: __TI_decompress_none


GLOBAL SYMBOLS: SORTED ALPHABETICALLY BY Name 

address   name                           
-------   ----                           
00000a81  C$$EXIT                        
00000c11  GPIODirModeSet                 
00000d7d  GPIOIntClear                   
00000d41  GPIOIntEnable                  
00000c7b  GPIOIntRegister                
000009d5  GPIOIntTypeSet                 
000003d9  GPIOPadConfigSet               
00000b21  GPIOPinConfigure               
00000d83  GPIOPinRead                    
00000ced  GPIOPinTypeGPIOInput           
00000c93  GPIOPinTypeGPIOOutput          
00000cff  GPIOPinTypePWM                 
00000d89  GPIOPinWrite                   
00000905  IntEnable                      
00000ba9  IntRegister                    
00000c3b  PWMGenConfigure                
00000d4d  PWMGenDisable                  
00000d59  PWMGenEnable                   
00000d23  PWMGenPeriodSet                
00000d11  PWMOutputState                 
00000c5d  PWMPulseWidthSet               
00000d71  ResetISR                       
UNDEFED   SHT$$INIT_ARRAY$$Base          
UNDEFED   SHT$$INIT_ARRAY$$Limit         
0000050d  SysCtlClockGet                 
0000061d  SysCtlClockSet                 
00000d8f  SysCtlDelay                    
00000cc5  SysCtlPWMClockSet              
00000bdd  SysCtlPeripheralEnable         
2000046c  __STACK_END                    
00000200  __STACK_SIZE                   
2000046c  __STACK_TOP                    
000010b8  __TI_CINIT_Base                
000010d0  __TI_CINIT_Limit               
0000109c  __TI_Handler_Table_Base        
000010a8  __TI_Handler_Table_Limit       
00000829  __TI_auto_init                 
2000046c  __TI_cleanup_ptr               
0000096d  __TI_decompress_lzss           
00000d33  __TI_decompress_none           
20000470  __TI_dtors_ptr                 
20000474  __TI_enable_exit_profile_output
ffffffff  __TI_pprof_out_hndl            
ffffffff  __TI_prof_data_size            
ffffffff  __TI_prof_data_start           
00000000  __TI_static_base__             
00000d65  __TI_zero_init                 
000007ad  __aeabi_memclr                 
000007ad  __aeabi_memclr4                
000007ad  __aeabi_memclr8                
00000711  __aeabi_memcpy                 
00000711  __aeabi_memcpy4                
00000711  __aeabi_memcpy8                
000007af  __aeabi_memset                 
000007af  __aeabi_memset4                
000007af  __aeabi_memset8                
ffffffff  __binit__                      
ffffffff  __c_args__                     
0000050b  __mpu_init                     
2000026c  __stack                        
00000cad  _args_main                     
00000a2d  _c_int00                       
20000478  _lock                          
00000ce7  _nop                           
00000cdf  _register_lock                 
00000cd9  _register_unlock               
00000827  _system_post_cinit             
00000d95  _system_pre_init               
2000047c  _unlock                        
00000a85  abort                          
ffffffff  binit                          
00000ad5  copy_in                        
00000371  encoderHandler                 
20000484  encoderLeft                    
20000488  encoderRight                   
00000a8d  exit                           
20000000  g_pfnRAMVectors                
00000000  g_pfnVectors                   
00000899  main                           
20000480  main_func_sp                   
00000711  memcpy                         
000007b5  memset                         
0000026d  portInt                        


GLOBAL SYMBOLS: SORTED BY Symbol Address 

address   name                           
-------   ----                           
00000000  __TI_static_base__             
00000000  g_pfnVectors                   
00000200  __STACK_SIZE                   
0000026d  portInt                        
00000371  encoderHandler                 
000003d9  GPIOPadConfigSet               
0000050b  __mpu_init                     
0000050d  SysCtlClockGet                 
0000061d  SysCtlClockSet                 
00000711  __aeabi_memcpy                 
00000711  __aeabi_memcpy4                
00000711  __aeabi_memcpy8                
00000711  memcpy                         
000007ad  __aeabi_memclr                 
000007ad  __aeabi_memclr4                
000007ad  __aeabi_memclr8                
000007af  __aeabi_memset                 
000007af  __aeabi_memset4                
000007af  __aeabi_memset8                
000007b5  memset                         
00000827  _system_post_cinit             
00000829  __TI_auto_init                 
00000899  main                           
00000905  IntEnable                      
0000096d  __TI_decompress_lzss           
000009d5  GPIOIntTypeSet                 
00000a2d  _c_int00                       
00000a81  C$$EXIT                        
00000a85  abort                          
00000a8d  exit                           
00000ad5  copy_in                        
00000b21  GPIOPinConfigure               
00000ba9  IntRegister                    
00000bdd  SysCtlPeripheralEnable         
00000c11  GPIODirModeSet                 
00000c3b  PWMGenConfigure                
00000c5d  PWMPulseWidthSet               
00000c7b  GPIOIntRegister                
00000c93  GPIOPinTypeGPIOOutput          
00000cad  _args_main                     
00000cc5  SysCtlPWMClockSet              
00000cd9  _register_unlock               
00000cdf  _register_lock                 
00000ce7  _nop                           
00000ced  GPIOPinTypeGPIOInput           
00000cff  GPIOPinTypePWM                 
00000d11  PWMOutputState                 
00000d23  PWMGenPeriodSet                
00000d33  __TI_decompress_none           
00000d41  GPIOIntEnable                  
00000d4d  PWMGenDisable                  
00000d59  PWMGenEnable                   
00000d65  __TI_zero_init                 
00000d71  ResetISR                       
00000d7d  GPIOIntClear                   
00000d83  GPIOPinRead                    
00000d89  GPIOPinWrite                   
00000d8f  SysCtlDelay                    
00000d95  _system_pre_init               
0000109c  __TI_Handler_Table_Base        
000010a8  __TI_Handler_Table_Limit       
000010b8  __TI_CINIT_Base                
000010d0  __TI_CINIT_Limit               
20000000  g_pfnRAMVectors                
2000026c  __stack                        
2000046c  __STACK_END                    
2000046c  __STACK_TOP                    
2000046c  __TI_cleanup_ptr               
20000470  __TI_dtors_ptr                 
20000474  __TI_enable_exit_profile_output
20000478  _lock                          
2000047c  _unlock                        
20000480  main_func_sp                   
20000484  encoderLeft                    
20000488  encoderRight                   
ffffffff  __TI_pprof_out_hndl            
ffffffff  __TI_prof_data_size            
ffffffff  __TI_prof_data_start           
ffffffff  __binit__                      
ffffffff  __c_args__                     
ffffffff  binit                          
UNDEFED   SHT$$INIT_ARRAY$$Base          
UNDEFED   SHT$$INIT_ARRAY$$Limit         

[83 symbols]
